DB RPM: 623건, PDF 페이지: 76
p1: 매칭 0건, 스킵
p2: 매칭 0건, 스킵
추출... ✓ 8건 저장 (누적 8건, 40.4s)
p4 (대상 13건) 렌더링... 추출... ✓ 13건 저장 (누적 21건, 65.8s)
p5 (대상 12건) 렌더링... 추출... ✓ 12건 저장 (누적 33건, 98.1s)
p6 (대상 11건) 렌더링... 추출... ✓ 11건 저장 (누적 44건, 144.9s)
p7 (대상 12건) 렌더링... 추출... ✓ 12건 저장 (누적 56건, 173.1s)
p8 (대상 7건) 렌더링... 추출... ✓ 7건 저장 (누적 63건, 198.0s)
p9 (대상 2건) 렌더링... 추출... ✓ 2건 저장 (누적 65건, 234.7s)
p10 (대상 13건) 렌더링... 추출... ✓ 13건 저장 (누적 78건, 275.9s)
p11 (대상 11건) 렌더링... 추출... ✓ 11건 저장 (누적 89건, 309.8s)
p12 (대상 10건) 렌더링... 추출... ✓ 11건 저장 (누적 99건, 367.4s)
p13 (대상 7건) 렌더링... 추출... ✓ 7건 저장 (누적 106건, 406.2s)
p14 (대상 11건) 렌더링... 추출... ✓ 10건 저장 (누적 116건, 437.5s)
p15 (대상 9건) 렌더링... 추출... ✓ 9건 저장 (누적 125건, 477.3s)
p16 (대상 8건) 렌더링... 추출... ✓ 8건 저장 (누적 133건, 529.1s)
p17 (대상 7건) 렌더링... 추출... ✓ 7건 저장 (누적 140건, 562.7s)
p18 (대상 5건) 렌더링... 추출... ✓ 5건 저장 (누적 145건, 587.1s)
p19: 매칭 0건, 스킵
p20 (대상 12건) 렌더링... 추출... ✓ 12건 저장 (누적 157건, 630.3s)
p21 (대상 13건) 렌더링... 추출... ✓ 13건 저장 (누적 170건, 689.4s)
p22 (대상 7건) 렌더링... 추출... ✓ 6건 저장 (누적 176건, 719.2s)
p23 (대상 11건) 렌더링... 추출... ✓ 11건 저장 (누적 187건, 777.3s)
p24 (대상 5건) 렌더링... 추출... ✓ 5건 저장 (누적 192건, 813.3s)
p25 (대상 10건) 렌더링... 추출... ✓ 10건 저장 (누적 202건, 843.3s)
p26 (대상 7건) 렌더링... 추출... ✓ 7건 저장 (누적 209건, 870.1s)
p27: 매칭 0건, 스킵
p28: 매칭 0건, 스킵
p29 (대상 6건) 렌더링... 추출... ✓ 6건 저장 (누적 215건, 897.6s)
p30 (대상 6건) 렌더링... 추출... ✓ 6건 저장 (누적 221건, 930.5s)
p31 (대상 8건) 렌더링... 추출... ✓ 8건 저장 (누적 229건, 963.9s)
p32 (대상 10건) 렌더링... 추출... ✓ 10건 저장 (누적 239건, 993.0s)
p33 (대상 12건) 렌더링... 추출... ✓ 12건 저장 (누적 251건, 1020.3s)
p34 (대상 13건) 렌더링... 추출... ✓ 13건 저장 (누적 264건, 1052.8s)
p35 (대상 11건) 렌더링... 추출... ✓ 11건 저장 (누적 275건, 1109.8s)
p36 (대상 7건) 렌더링... 추출... ✓ 7건 저장 (누적 282건, 1153.8s)
p37 (대상 10건) 렌더링... 추출... ✓ 10건 저장 (누적 292건, 1182.9s)
p38 (대상 10건) 렌더링... 추출... ✓ 10건 저장 (누적 302건, 1202.7s)
p39 (대상 7건) 렌더링... 추출... ✓ 7건 저장 (누적 309건, 1232.2s)
p40 (대상 10건) 렌더링... 추출... ✓ 1건 저장 (누적 310건, 1303.2s)
p41 (대상 7건) 렌더링... 추출... ✓ 7건 저장 (누적 317건, 1331.4s)
p42 (대상 4건) 렌더링... 추출... ✓ 4건 저장 (누적 321건, 1362.8s)
p43: 매칭 0건, 스킵
p44 (대상 11건) 렌더링... 추출... ✓ 11건 저장 (누적 332건, 1401.2s)
p45 (대상 9건) 렌더링... 추출... ✓ 9건 저장 (누적 341건, 1428.0s)
p46 (대상 13건) 렌더링... 추출... ✓ 13건 저장 (누적 354건, 1461.8s)
p47 (대상 12건) 렌더링... 추출... ✓ 12건 저장 (누적 366건, 1495.5s)
p48 (대상 12건) 렌더링... 추출... ✓ 12건 저장 (누적 378건, 1520.3s)
p49 (대상 11건) 렌더링... 추출... ✓ 11건 저장 (누적 389건, 1550.8s)
p50 (대상 8건) 렌더링... 추출... ✓ 8건 저장 (누적 397건, 1579.4s)
p51 (대상 11건) 렌더링... 추출... ✓ 11건 저장 (누적 408건, 1616.7s)
p52 (대상 9건) 렌더링... 추출... ✓ 9건 저장 (누적 417건, 1646.5s)
p53 (대상 6건) 렌더링... 추출... ✓ 6건 저장 (누적 423건, 1698.8s)
추출... ✓ 4건 저장 (누적 427건, 1750.0s)
p55 (대상 2건) 렌더링... 추출... ✓ 2건 저장 (누적 429건, 1771.9s)
p56 (대상 13건) 렌더링... 추출... ✓ 13건 저장 (누적 442건, 1794.3s)
p57 (대상 11건) 렌더링... 추출... ✓ 11건 저장 (누적 453건, 1820.7s)
p58 (대상 8건) 렌더링... 추출... ✓ 8건 저장 (누적 461건, 1847.2s)
p59 (대상 11건) 렌더링... 추출... ✓ 11건 저장 (누적 472건, 1876.4s)
p60 (대상 12건) 렌더링... 추출... ✓ 12건 저장 (누적 484건, 1913.6s)
p61 (대상 10건) 렌더링... 추출... ✓ 10건 저장 (누적 494건, 1946.2s)
p62 (대상 9건) 렌더링... 추출... ✓ 9건 저장 (누적 503건, 1981.8s)
p63 (대상 6건) 렌더링... 추출... ✓ 6건 저장 (누적 509건, 2005.7s)
p64 (대상 4건) 렌더링... 추출... ✓ 4건 저장 (누적 513건, 2040.6s)
p65 (대상 8건) 렌더링... 추출... ✓ 8건 저장 (누적 521건, 2078.9s)
p66 (대상 12건) 렌더링... 추출... ✓ 12건 저장 (누적 533건, 2101.5s)
p67 (대상 12건) 렌더링... 추출... ✓ 12건 저장 (누적 545건, 2128.8s)
p68 (대상 10건) 렌더링... 추출... ✓ 11건 저장 (누적 555건, 2162.6s)
p69 (대상 9건) 렌더링... 추출... ✓ 10건 저장 (누적 564건, 2198.2s)
p70 (대상 8건) 렌더링... 추출... ✓ 8건 저장 (누적 572건, 2218.4s)
p71 (대상 8건) 렌더링... 추출... ✓ 8건 저장 (누적 580건, 2255.6s)
p72 (대상 8건) 렌더링... 추출... ✓ 8건 저장 (누적 587건, 2287.0s)
p73 (대상 10건) 렌더링... 추출... ✓ 10건 저장 (누적 597건, 2327.2s)
p74 (대상 7건) 렌더링... 추출... ✓ 7건 저장 (누적 604건, 2354.2s)
p75 (대상 6건) 렌더링... 추출... ✓ 6건 저장 (누적 610건, 2385.3s)
p76 (대상 1건) 렌더링... 추출... ✓ 1건 저장 (누적 611건, 2423.2s)

📊 추출 완료: 611건 / 623건 매칭
(dry-run — 실제 DB 업데이트는 --apply 추가)

--- #42 ---
answer: 3개
explanation: $1$은 소수가 아니다.
$21$의 약수는 $1, 3, 7, 21$이므로 소수가 아니다.
$33$의 약수는 $1, 3, 11, 33$이므로 소수가 아니다.
$91$의 약수는 $1, 7, 13, 91$이므로 소수가 아니다.
$169$의 약수는 $1, 13, 169$이므로 소수가 아니다.
따라서 소수는 $7, 47, 113$의 $3$개이다.

--- #43 ---
answer: 4개
explanation: $27$의 약수는 $1, 3, 9, 27$이므로 합성수이다.
$65$의 약수는 $1, 5, 13, 65$이므로 합성수이다.
$93$의 약수는 $1, 3, 31, 93$이므로 합성수이다.
$121$의 약수는 $1, 11, 121$이므로 합성수이다.
따라서 합성수는 $27, 65, 93, 121$의 $4$개이다.

--- #44 ---
answer: ②
explanation: $25$ 미만의 자연수 중 소수는 $2, 3, 5, 7, 11, 13, 17, 19, 23$의 $9$개이다.
DB RPM: 623건, PDF 페이지: 76
이전 진행: 페이지 71개, 해설 611건
추출... ✓ 11건 저장 (누적 612건, 57.9s)
p22 (대상 7건) 렌더링... 추출... ✓ 7건 저장 (누적 613건, 115.3s)
p40 (대상 10건) 렌더링... 추출... ✓ 10건 저장 (누적 622건, 158.9s)
p72 (대상 8건) 렌더링... 추출... ✓ 7건 저장 (누적 622건, 174.7s)
p76 (대상 1건) 렌더링... 추출... ✓ 1건 저장 (누적 622건, 198.9s)

📊 추출 완료: 622건 / 623건 매칭
(dry-run — 실제 DB 업데이트는 --apply 추가)

--- #42 ---
answer: 3개
explanation: $1$은 소수가 아니다.
$21$의 약수는 $1, 3, 7, 21$이므로 소수가 아니다.
$33$의 약수는 $1, 3, 11, 33$이므로 소수가 아니다.
$91$의 약수는 $1, 7, 13, 91$이므로 소수가 아니다.
$169$의 약수는 $1, 13, 169$이므로 소수가 아니다.
따라서 소수는 $7, 47, 113$의 $3$개이다.

--- #43 ---
answer: 4개
explanation: $27$의 약수는 $1, 3, 9, 27$이므로 합성수이다.
$65$의 약수는 $1, 5, 13, 65$이므로 합성수이다.
$93$의 약수는 $1, 3, 31, 93$이므로 합성수이다.
$121$의 약수는 $1, 11, 121$이므로 합성수이다.
따라서 합성수는 $27, 65, 93, 121$의 $4$개이다.

--- #44 ---
answer: ②
explanation: $25$ 미만의 자연수 중 소수는 $2, 3, 5, 7, 11, 13, 17, 19, 23$의 $9$개이다.
